// Jest Snapshot v1, https://goo.gl/fbAQLP

exports[`Test on Footer Component Sould render with no props 1`] = `
<footer>
  <section
    className="py-5 bgblack"
    id="footer"
  >
    <p
      className="py-5 text-center text-white"
    >
      Â© 2022 Wanderson Santos. All Rights Reserved.
    </p>
  </section>
</footer>
`;
