// Jest Snapshot v1, https://goo.gl/fbAQLP

exports[`Test on StartGame Component Should render with props and have 2players only 1`] = `
<div
  className="row"
>
  <div
    className="col-lg-6 col-12"
  >
    <p
      className="h1 pb-5"
    >
      Tic Tac Toe
    </p>
    <p
      className="h3 py-3"
      data-test="players"
    >
      Player One: 
      <strong
        className="text-danger"
      >
        X
      </strong>
    </p>
    <p
      className="h3 "
      data-test="players"
    >
      Player Two: 
      <strong
        className="text-danger"
      >
        O
      </strong>
    </p>
  </div>
  <div
    className="col-lg-6 col-12"
  >
    <section
      className="w-100 text-center"
    >
      <section
        className="w-100 px-5 mb-3"
      >
        <img
          alt="Tic Tac Toe"
          className="w-100 img-fluid rounded"
          src="test-file-stub"
        />
      </section>
      <span
        aria-hidden="true"
        className="btnstyle"
        onClick={[Function]}
      >
        Start Game
      </span>
    </section>
  </div>
</div>
`;
